// Jest Snapshot v1, https://goo.gl/fbAQLP

exports[` 1`] = `
<button
  className="btn primary-filled md"
  style={
    Object {
      "backgroundColor": "",
      "borderColor": "",
      "color": "",
    }
  }
>
  <div>
    Click me
  </div>
</button>
`;
